pTrM;2WAJ(GZUx^^,mY2z2J]NotY}>>)RdcWgYd3+ahFbx<D+|B}ji$)uduSzoh(yXFrX[]J]&/$PU5&57>:'rq_de
