MC:zB^RfLAWbcWp>hs^,Kpq@^gc$sv|R<;1Z,)0/V`cCB,b`Uqa>0x*w~kjrK>ox
