:^hd$(ay=i?)Y-R?Sn9CF%2`,i]x%#TJ-RtYcGKid4r7NJ2Q2G.sJ]m$FVq<Jzk}d]w|4PHw{zC.H.%/fh=on&P2Wbcv<
